// Jest Snapshot v1, https://goo.gl/fbAQLP

exports[`renders correctly 1`] = `
<div
  className="App"
>
  <header
    className="App-header"
  >
    <img
      alt="logo"
      className="App-logo"
      src="logo.svg"
    />
    <h1
      className="App-title"
    >
      Welcome to Website
    </h1>
  </header>
  <div
    className="container"
  >
    <div
      className="row"
    >
      <div
        className="col-md-8 col-xs-12"
      >
        asd
      </div>
      <div
        className="col-md-4 col-xs-6"
      >
        123
      </div>
    </div>
  </div>
  <p
    className="App-intro"
  >
    Awaiting Image is currently under construction.
  </p>
  <button
    className="btn btn-primary"
    disabled={false}
    type="button"
  >
    Primary
  </button>
</div>
`;
